[www.teraboxdownloader.pro/index.html]
[cdn.plyr.io/3.7.8/plyr.css]
[cdn.jsdelivr.net/npm/izitoast/dist/js/iziToast.min.js]
[cdn.jsdelivr.net/npm/izitoast/dist/css/iziToast.min.css]
[backblue.gif]
[fade.gif]
[index.html]
[cdnjs.cloudflare.com/ajax/libs/crypto-js/4.1.1/crypto-js.min.js]
[www.teraboxdownloader.pro/feeds/posts/default]
[www.teraboxdownloader.pro/index40aa.html]
[www.teraboxdownloader.pro/feeds/posts/default9522]
[www.teraboxdownloader.pro/feeds/comments/default9522]
[www.teraboxdownloader.pro/favicon.ico]
[pagead2.googlesyndication.com/pagead/js/f9218.txt]
[www.teraboxdownloader.pro/search.html]
[blogger.googleusercontent.com/img/b/R29vZ2xl/AVvXsEhBwiCqwozwxftnPEUekbjMjHkDb-pw1iN59UxL0ED/s320/download-terabox-tanpa-aplikasi-login-logo.png]
[www.teraboxdownloader.pro/modules/lottie-player.d.delayed]
[cdn.plyr.io/3.7.8/plyr.js]
[www.teraboxdownloader.pro/loom.f.delayed]
[www.teraboxdownloader.pro/transparent.10.delayed]
[unpkg.com/@lottiefiles/lottie-player@2.0.4/dist/lottie-player.js]
[cdn-sc-g.sharechat.com/33d5318_1c8/21cf3184_1715816699018_sc.png]
[cdn-sc-g.sharechat.com/33d5318_1c8/2611daa6_1715816667289_sc.png]
[cdn-sc-g.sharechat.com/33d5318_1c8/11d8de0c_1715802101751_sc.png]
[www.teraboxdownloader.pro/imgs/placeholder.16.delayed]
[cdn-sc-g.sharechat.com/33d5318_1c8/150e757_1715816721202_sc.png]
[www.teraboxdownloader.pro/2024/08/terabox-viral-video-link.html]
[www.teraboxdownloader.pro/search/label/TeraBox.html]
[www.teraboxdownloader.pro/2024/05/download-from-terabox-without-pc-client.html]
[blogger.googleusercontent.com/img/b/R29vZ2xl/AVvXsEgK3Ev_eKHCPCRlnkZm8-D3KNPtMUA-YeDlI0B_qKM/w600-h300-p-k-no-nu/Download terabox videos with 1 Click.png]
[www.teraboxdownloader.pro/search/label/Download TeraBox Video Without PC Client.html]
[www.teraboxdownloader.pro/2024/05/how-to-block-ads-on-terabox.html]
[www.teraboxdownloader.pro/search/label/How to Block Ads on Terabox.html]
[www.teraboxdownloader.pro/2024/05/how-to-download-terabox-link-without-app.html]
[blogger.googleusercontent.com/img/b/R29vZ2xl/AVvXsEgvNsnsNR89El5v5QQU7qzoaH8J2v2uL1Sk1azdE82/w600-h300-p-k-no-nu/how to download terabox link video without app.jpg]
[www.teraboxdownloader.pro/search/label/Download TeraBox Link without App.html]
[www.teraboxdownloader.pro/2024/05/terabox.html]
[www.teraboxdownloader.pro/search/label/Is TeraBox Safe to Use.html]
[www.teraboxdownloader.pro/2024/05/best-cloud-storage.html]
[www.teraboxdownloader.pro/search/label/Cloud Storage.html]
[www.teraboxdownloader.pro/p/about-us.html]
[www.teraboxdownloader.pro/p/contact-us.html]
[www.teraboxdownloader.pro/p/privacy-policy.html]
[www.teraboxdownloader.pro/p/disclaimer.html]
[www.teraboxdownloader.pro/p/dmca.html]
[www.teraboxdownloader.pro/GET.2b.delayed]
[www.teraboxdownloader.pro/index.html]
[cdn-sc-g.sharechat.com/33d5318_1c8/366cfc6_1715831375731_sc.css]
[cdn.plyr.io/3.7.8/plyr.css]
[cdn.jsdelivr.net/npm/izitoast/dist/css/iziToast.min.css]
[www.teraboxdownloader.pro/index40aa.html]
[www.teraboxdownloader.pro/search.html]
[www.teraboxdownloader.pro/modules/lottie-player.html]
[www.teraboxdownloader.pro/loom.html]
[www.teraboxdownloader.pro/transparent.html]
[www.teraboxdownloader.pro/imgs/placeholder.html]
[www.teraboxdownloader.pro/search40aa.html]
[www.teraboxdownloader.pro/2024/08/terabox-viral-video-link40aa.html]
[www.teraboxdownloader.pro/2024/08/terabox-viral-video-link.html]
[www.teraboxdownloader.pro/search/label/TeraBox Viral Video Link.html]
[www.teraboxdownloader.pro/search/label/TeraBox.html]
[www.teraboxdownloader.pro/search/label/TeraBox40aa.html]
[www.teraboxdownloader.pro/2024/05/download-from-terabox-without-pc-client40aa.html]
[blogger.googleusercontent.com/img/b/R29vZ2xl/AVvXsEgK3Ev_eKHCPCRlnkZm8-D3KNPtMUA-YeDlI0B_qKM/w0/Download terabox videos with 1 Click.png]
[blogger.googleusercontent.com/img/b/R29vZ2xl/AVvXsEgK3Ev_eKHCPCRlnkZm8-D3KNPtMUA-YeDlI0B_qKM/s1280/Download terabox videos with 1 Click.png]
[blogger.googleusercontent.com/img/b/R29vZ2xl/AVvXsEgK3Ev_eKHCPCRlnkZm8-D3KNPtMUA-YeDlI0B_qKM/s600-rw/Download terabox videos with 1 Click.webp]
[www.teraboxdownloader.pro/2024/05/download-from-terabox-without-pc-client.html]
[www.teraboxdownloader.pro/search/label/Download TeraBox Video Without PC Client40aa.html]
[www.teraboxdownloader.pro/search/label/Download TeraBox Video Without PC Client.html]
[www.teraboxdownloader.pro/search/label/Download TeraBox Video Without PC Client1ca9.html]
[www.teraboxdownloader.pro/2024/05/how-to-block-ads-on-terabox.html]
[www.teraboxdownloader.pro/2024/05/how-to-block-ads-on-terabox40aa.html]
[www.teraboxdownloader.pro/search/label/How to Block Ads on Terabox40aa.html]
[www.teraboxdownloader.pro/search/label/How to Block Ads on Terabox.html]
[www.teraboxdownloader.pro/search/label/How to Block Ads on Teraboxa43b.html]
[www.teraboxdownloader.pro/2024/05/how-to-download-terabox-link-without-app40aa.html]
[blogger.googleusercontent.com/img/b/R29vZ2xl/AVvXsEgvNsnsNR89El5v5QQU7qzoaH8J2v2uL1Sk1azdE82/w0/how to download terabox link video without app.jpg]
[blogger.googleusercontent.com/img/b/R29vZ2xl/AVvXsEgvNsnsNR89El5v5QQU7qzoaH8J2v2uL1Sk1azdE82/s480/how to download terabox link video without app.jpg]
[blogger.googleusercontent.com/img/b/R29vZ2xl/AVvXsEgvNsnsNR89El5v5QQU7qzoaH8J2v2uL1Sk1azdE82/s600-rw/how to download terabox link video without app.webp]
[www.teraboxdownloader.pro/2024/05/how-to-download-terabox-link-without-app.html]
[www.teraboxdownloader.pro/search/label/Download TeraBox Link without App40aa.html]
[www.teraboxdownloader.pro/search/label/Download TeraBox Link without App.html]
[www.teraboxdownloader.pro/search/label/Download TeraBox Link without App3ed1.html]
[www.teraboxdownloader.pro/2024/05/terabox.html]
[www.teraboxdownloader.pro/2024/05/terabox40aa.html]
[www.teraboxdownloader.pro/search/label/Is TeraBox Safe to Use40aa.html]
[www.teraboxdownloader.pro/search/label/Is TeraBox Safe to Use.html]
[www.teraboxdownloader.pro/search/label/Is TeraBox Safe to Use63a0.html]
[www.teraboxdownloader.pro/2024/05/best-cloud-storage.html]
[www.teraboxdownloader.pro/2024/05/best-cloud-storage40aa.html]
[www.teraboxdownloader.pro/search/label/Cloud Storage.html]
[www.teraboxdownloader.pro/search/label/Cloud Storage40aa.html]
[www.teraboxdownloader.pro/p/about-us.html]
[www.teraboxdownloader.pro/p/about-us40aa.html]
[www.teraboxdownloader.pro/p/contact-us.html]
[www.teraboxdownloader.pro/p/contact-us40aa.html]
[www.teraboxdownloader.pro/p/privacy-policy.html]
[www.teraboxdownloader.pro/p/privacy-policy40aa.html]
[www.teraboxdownloader.pro/p/disclaimer.html]
[www.teraboxdownloader.pro/p/disclaimer40aa.html]
[www.teraboxdownloader.pro/p/dmca.html]
[www.teraboxdownloader.pro/GET.html]
[www.teraboxdownloader.pro/search40aa.html]
[www.teraboxdownloader.pro/2024/08/terabox-viral-video-link40aa.html]
[www.teraboxdownloader.pro/p/dmca40aa.html]
[www.teraboxdownloader.pro/search/label/TeraBox Viral Video Link40aa.html]
[www.teraboxdownloader.pro/search/label/TeraBox Viral Video Link.html]
[www.teraboxdownloader.pro/search/label/TeraBox40aa.html]
[www.teraboxdownloader.pro/2024/05/download-from-terabox-without-pc-client40aa.html]
[www.teraboxdownloader.pro/search/label/TeraBox Viral Video Link4681.html]
[pinterest.com/pin/create/button/index5ddf.html]
[www.teraboxdownloader.pro/search/label/Download TeraBox Video Without PC Client40aa.html]
[www.teraboxdownloader.pro/search/label/Download TeraBox Video Without PC Client1ca9.html]
[www.teraboxdownloader.pro/2024/05/how-to-block-ads-on-terabox40aa.html]
[www.teraboxdownloader.pro/search/label/How to Block Ads on Terabox40aa.html]
[www.pinterest.com/pin/create/button/index14ab.html]
[www.teraboxdownloader.pro/search/label/Download TeraBox Video Without PC Cliente02a.html]
[www.teraboxdownloader.pro/search/label/How to Block Ads on Teraboxa43b.html]
[www.teraboxdownloader.pro/2024/05/how-to-download-terabox-link-without-app40aa.html]
[pinterest.com/pin/create/button/indexebef.html]
[www.teraboxdownloader.pro/search/label/Download TeraBox Link without App40aa.html]
[www.teraboxdownloader.pro/search/label/How to Block Ads on Terabox5685.html]
[www.teraboxdownloader.pro/search/label/Download TeraBox Link without App3ed1.html]
[www.teraboxdownloader.pro/2024/05/terabox40aa.html]
[www.teraboxdownloader.pro/search/label/Is TeraBox Safe to Use40aa.html]
[www.pinterest.com/pin/create/button/indexaab7.html]
[www.teraboxdownloader.pro/search/label/Download TeraBox Link without App2041.html]
[www.teraboxdownloader.pro/search/label/Is TeraBox Safe to Use63a0.html]
[www.teraboxdownloader.pro/2024/05/best-cloud-storage40aa.html]
[www.teraboxdownloader.pro/search/label/Cloud Storage40aa.html]
[www.teraboxdownloader.pro/p/about-us40aa.html]
[www.teraboxdownloader.pro/p/contact-us40aa.html]
[www.teraboxdownloader.pro/p/privacy-policy40aa.html]
[www.teraboxdownloader.pro/p/disclaimer40aa.html]
[www.teraboxdownloader.pro/p/dmca40aa.html]
[polyfill.io/v3/polyfill.minc677.js]
[www.teraboxdownloader.pro/search/label/TeraBox Viral Video Link40aa.html]
[www.teraboxdownloader.pro/search/label/Is TeraBox Safe to Use56dd.html]
[www.teraboxdownloader.pro/search/label/TeraBox Viral Video Link4681.html]
[www.teraboxdownloader.pro/search/label/TeraBox Viral Video Link1854.html]
[s.pinimg.com/webapp/runtime-1e9524fa8dbcaec2.js]
[s.pinimg.com/webapp/polyfills-cddd18e3f27e8ad6.js]
[s.pinimg.com/webapp/9176-a64e026c485d060a.js]
[s.pinimg.com/webapp/98359-59e3970cdb047dc3.js]
[s.pinimg.com/webapp/81755-3ee269d8623a376e.js]
[s.pinimg.com/webapp/locale-en_US-lite-js-4dc66311cec029ee.js]
[s.pinimg.com/webapp/vendor-react-ec37f9fdfe85c3b3.js]
[s.pinimg.com/webapp/84404-f1529d390df0187f.js]
[s.pinimg.com/webapp/79968-3cd1f7ef44dec37a.js]
[s.pinimg.com/webapp/82741-14c62f1f060cfce4.js]
[s.pinimg.com/webapp/44801-54b08fa7f3da8d13.js]
[s.pinimg.com/webapp/2909-bd4b91a47c2c59ce.js]
[s.pinimg.com/webapp/63696-e01c2853ba4a0ef9.js]
[s.pinimg.com/webapp/77732-d7efdaecf8066e77.js]
[s.pinimg.com/webapp/44940-cf5b1edf195efe41.js]
[s.pinimg.com/webapp/73634-4fa8fb725a2d7be8.js]
[s.pinimg.com/webapp/93037-50dd19479398cd4e.js]
[s.pinimg.com/webapp/91276-539723e0ff493e4b.js]
[s.pinimg.com/webapp/23813-a6dd333b4857e101.js]
[s.pinimg.com/webapp/7336-5edaa0fa924476f1.js]
[s.pinimg.com/webapp/83979-a7278796f7580289.js]
[s.pinimg.com/webapp/56442-6ff5e73f3218df27.js]
[s.pinimg.com/webapp/2826-fc54075f101cf532.js]
[s.pinimg.com/webapp/71566-ed11864aa0ae4d3b.js]
[s.pinimg.com/webapp/60430-64045bd59f2862f0.js]
[s.pinimg.com/webapp/15044-8d82e5dea09d6a59.js]
[s.pinimg.com/webapp/31771-d51d49a3b5c22505.js]
[s.pinimg.com/webapp/54872-e73b7279d88eb60a.js]
[s.pinimg.com/webapp/38531-fc35fb3c8b93c6c9.js]
[s.pinimg.com/webapp/www/pin/create/[method]-1480f9f41a7ff75d.js]
[s.pinimg.com/webapp/61013-2556e02cde326df3.js]
[s.pinimg.com/webapp/46191-7b31669bae798660.js]
[s.pinimg.com/webapp/88673-7d18211f1a090fa8.js]
[s.pinimg.com/webapp/78450-58dddf2fa1483d97.js]
[s.pinimg.com/webapp/77005-2ee9c5461d8d3f32.js]
[s.pinimg.com/webapp/24822-1bdbc6de7a76bdcd.js]
[s.pinimg.com/webapp/15199-c8b077433090c0a6.js]
[s.pinimg.com/webapp/81936-7e1c03c1fe4d42e7.js]
[s.pinimg.com/webapp/70808-83d9432aaf5aa312.js]
[s.pinimg.com/webapp/www/_client-eea186184d7d844b.js]
[s.pinimg.com/webapp/DefaultPinRep-84b1bc7e236bd363.js]
[s.pinimg.com/webapp/logo_transparent_144x144-3da7a67b.png]
[s.pinimg.com/webapp/favicon_48x48-7470a30d.png]
[s.pinimg.com/webapp/6581-74e9817a674485f0.js]
[s.pinimg.com/webapp/34851-f71e7ba507949159.js]
[s.pinimg.com/webapp/62049-63f1640ffc16f1eb.js]
[www.pinterest.com/pin/create/button/ios-app_/429047995/pinterest/add_pin/_method=button&image_url=&source_url=https_/www.teraboxdownloader.pro/2024/05/download-from-terabox-without-pc-client.html&me/blogg/Download terabox videos]
[s.pinimg.com/webapp/www/_/_/internal/structured-feed-debugger-96a3e92c3092c77a.js]
[s.pinimg.com/webapp/11044-4d24f20fa30c4775.js]
[s.pinimg.com/webapp/3642-386eaea4264127e8.js]
[s.pinimg.com/webapp/78465-b0e93c009b12701c.js]
[s.pinimg.com/webapp/60813-95bc8b7b52f7975f.js]
[www.pinterest.com/pin/create/button/android-app_/com.pinterest/pinterest/www.pinterest.com/pin/create/button/_media=&url=https_/www.teraboxdownloader.pro/2024/05/download-from-terabox-without-pc-client.ht/Download terabox videos]
[s.pinimg.com/webapp/71297-01dffa3da65870e4.js]
[s.pinimg.com/webapp/87958-679cea306bc84b08.js]
[s.pinimg.com/webapp/62024-af6f24468c76fe2c.js]
[s.pinimg.com/webapp/www/[username]-1a4945d822791d9e.js]
[s.pinimg.com/webapp/90022-d6a8ba25c0722468.js]
[s.pinimg.com/webapp/33731-35b043ba50ba4c41.js]
[s.pinimg.com/webapp/70982-a7085cbb324e9dfb.js]
[s.pinimg.com/webapp/88237-fa695fcbb1932a6e.js]
[s.pinimg.com/webapp/42801-cd468f1078ba78a1.js]
[s.pinimg.com/webapp/www/[username]/[slug]-4e8f92ad865372ee.js]
[s.pinimg.com/webapp/11918-1f2d41413a7080a1.js]
[s.pinimg.com/webapp/www/[username]/[slug]/_tools/shop-d43ecd61f3a439d9.js]
[s.pinimg.com/webapp/www/[username]/[slug]/[section_slug]-8d5c14ae3826b7e0.js]
[s.pinimg.com/webapp/81109-aadb22071abfb159.js]
[s.pinimg.com/webapp/19866-2c5c515ad8e12fcb.js]
[s.pinimg.com/webapp/www/[username]/[slug]/invite-015cc26ece1bcae6.js]
[s.pinimg.com/webapp/39149-eacbdfa0dc3dcc21.js]
[s.pinimg.com/webapp/www/[username]/organize-2d87599879be2446.js]
[s.pinimg.com/webapp/www/[username]/pins-62b643f8ec95632e.js]
[s.pinimg.com/webapp/www/[username]/report-647c6b0c83dc8e10.js]
[s.pinimg.com/webapp/91672-83cffb5db0eeec69.js]
[s.pinimg.com/webapp/78783-0bb62834dc96d940.js]
[s.pinimg.com/webapp/85184-b08c931806c823f1.js]
[s.pinimg.com/webapp/88790-6b7e0eda27834b66.js]
[s.pinimg.com/webapp/www/[username]/scheduled-pin/[scheduled_pin_id]-7547143d68f6799b.css]
[s.pinimg.com/webapp/www/[username]/scheduled-pin/[scheduled_pin_id]-ebdaa67d9e0319c1.js]
[s.pinimg.com/webapp/51286-e565c19ddd4a7a42.js]
[s.pinimg.com/webapp/7170-1648fd3a06f8b3d6.js]
[s.pinimg.com/webapp/www/about/[lawName]-e6fef537da72f382.css]
[s.pinimg.com/webapp/www/about/[lawName]-75b10e40f09563ca.js]
[s.pinimg.com/webapp/www/about/content-claiming/application-59e65faa56718200.js]
[s.pinimg.com/webapp/www/about/copyright/dmca-pin-85136a63c63055af.js]
[s.pinimg.com/webapp/www/about/copyright/counter-notice-f33210f6441bdbab.js]
[s.pinimg.com/webapp/www/about/copyright/music-appeal-2bd1811b75fafa74.js]
[s.pinimg.com/webapp/76832-4900dba6b5a2a6c6.js]
[s.pinimg.com/webapp/www/about/radtc-e6fef537da72f382.css]
[s.pinimg.com/webapp/www/about/radtc-ccbc278ca06cb728.js]
[s.pinimg.com/webapp/www/about/trademark-c5615f8691a448f2.js]
[s.pinimg.com/webapp/48658-9aaf3ec816680ef5.js]
[s.pinimg.com/webapp/www/add-account-ea397c37682379f0.js]
[s.pinimg.com/webapp/85812-57c78edf90d3a241.js]
[s.pinimg.com/webapp/11326-db85878c759e17a9.js]
[s.pinimg.com/webapp/97329-a1983ab142db26bd.js]
[s.pinimg.com/webapp/37817-213cf51bf0f687ff.js]
[s.pinimg.com/webapp/75357-3ccfa0d961ae7961.js]
[s.pinimg.com/webapp/15421-fcd10eff38ac717f.js]
[s.pinimg.com/webapp/81132-e2df470574b7e0bb.js]
[s.pinimg.com/webapp/www/advertiser/quick-promote-46c9258a3a4662ff.js]
[s.pinimg.com/webapp/www/age-appeal/confirmation-a2eae01e00d24ccc.js]
[s.pinimg.com/webapp/www/age-appeal/redirect-aae34e9dbc7f46f3.js]
[s.pinimg.com/webapp/www/app-factory-oauth-3eed171564010c1f.js]
[s.pinimg.com/webapp/www/board/[id]/create_section-06a7ab0f795a8d1e.js]
[s.pinimg.com/webapp/10674-8de5e0fbb4192a67.js]
[s.pinimg.com/webapp/54830-0516f7e0e8b33578.js]
[s.pinimg.com/webapp/www/board/[id]/edit-fedfc78a20c2f536.js]
[s.pinimg.com/webapp/20503-367ceb76df865f11.js]
[s.pinimg.com/webapp/www/board/[id]/organize-bc2189f220315768.js]
[s.pinimg.com/webapp/www/board/[id]/report-2b7f22f659632228.js]
[s.pinimg.com/webapp/www/board/[id]/permissions-597e4b500837ab39.js]
[s.pinimg.com/webapp/29541-4aed3c77be0d3c2f.js]
[s.pinimg.com/webapp/4178-8f44bf9c93cf129e.js]
[s.pinimg.com/webapp/www/board/create-87053f03b4cc593e.js]
[s.pinimg.com/webapp/www/board/create/cluster/[clusterId]-0ab84a287d5154e2.js]
[s.pinimg.com/webapp/52108-d0ea8f0fae48ba27.js]
[s.pinimg.com/webapp/www/boardsection/[id]/organize-6c1df64256661495.js]
[s.pinimg.com/webapp/17106-1a4da7160cacbd79.js]
[s.pinimg.com/webapp/72102-04f49ecdaa19ea0f.js]
[s.pinimg.com/webapp/55634-656f8b5638a11a64.js]
[s.pinimg.com/webapp/www/business/business-access/[userBizId]/employees/invites-e6fef537da72f382.css]
[s.pinimg.com/webapp/www/business/business-access/[userBizId]/employees/invites-4ab82fa1efab4e32.js]
[s.pinimg.com/webapp/www/business/business-hierarchy/[businessHierarchyId]/business_security-e6fef537da72f382.css]
[s.pinimg.com/webapp/www/business/business-manager/[userBizId]/dashboard-e6fef537da72f382.css]
[s.pinimg.com/webapp/www/business/business-hierarchy/[businessHierarchyId]/business_security-9f8f6ddd39b3aa9b.js]
[s.pinimg.com/webapp/www/business/business-manager/[userBizId]/dashboard-bf909b07a8727682.js]
[s.pinimg.com/webapp/www/business/business-hierarchy/[businessHierarchyId]/hierarchy-e6fef537da72f382.css]
[s.pinimg.com/webapp/www/business/business-hierarchy/[businessHierarchyId]/managers-e6fef537da72f382.css]
[s.pinimg.com/webapp/www/business/business-hierarchy/[businessHierarchyId]/hierarchy-089c7338a48b467c.js]
[s.pinimg.com/webapp/www/business/business-manager-e6fef537da72f382.css]
[s.pinimg.com/webapp/www/business/business-hierarchy/[businessHierarchyId]/managers-9bd21e6cd3155f11.js]
[s.pinimg.com/webapp/www/business/business-manager-4f72044b91ccf39a.js]
[s.pinimg.com/webapp/www/business/business-manager/[userBizId]-e6fef537da72f382.css]
[s.pinimg.com/webapp/www/business/business-manager/[userBizId]-ab7ed4f082bdf124.js]
[s.pinimg.com/webapp/www/business/business-manager/[userBizId]/ad-accounts-e6fef537da72f382.css]
[s.pinimg.com/webapp/www/business/business-manager/[userBizId]/ad-accounts-85f91ef1a5f70ee2.js]
[s.pinimg.com/webapp/www/business/business-manager/[userBizId]/ad-accounts/[detailId]/details-e6fef537da72f382.css]
[s.pinimg.com/webapp/www/business/business-manager/[userBizId]/ad-accounts/[detailId]/details-0573ccdaea368381.js]
[s.pinimg.com/webapp/www/business/business-manager/[userBizId]/ad-accounts/cee-migration-e6fef537da72f382.css]
[s.pinimg.com/webapp/www/business/business-manager/[userBizId]/ad-accounts/cee-migration-5f7d3d55ae37ad0c.js]
[s.pinimg.com/webapp/www/business/business-manager/[userBizId]/asset-groups-e6fef537da72f382.css]
[s.pinimg.com/webapp/www/business/business-manager/[userBizId]/asset-groups-e3347f46b655bf45.js]
[s.pinimg.com/webapp/www/business/business-manager/[userBizId]/audiences-e6fef537da72f382.css]
[s.pinimg.com/webapp/www/business/business-manager/[userBizId]/audiences-1f333ac10e41901d.js]
[s.pinimg.com/webapp/www/business/business-manager/[userBizId]/brand-safety-e6fef537da72f382.css]
[s.pinimg.com/webapp/www/business/business-manager/[userBizId]/brand-safety-7d4b3c1028a18f04.js]
[s.pinimg.com/webapp/www/business/business-manager/[userBizId]/catalogs-e6fef537da72f382.css]
[s.pinimg.com/webapp/www/business/business-manager/[userBizId]/catalogs-1538f1830f62ccd4.js]
[s.pinimg.com/webapp/www/business/business-manager/[userBizId]/employees/[detailId]/details-e6fef537da72f382.css]
[s.pinimg.com/webapp/www/business/business-manager/[userBizId]/employees/[detailId]/details-d96371a9e80f79c9.js]
[s.pinimg.com/webapp/www/business/business-manager/[userBizId]/history-e6fef537da72f382.css]
[s.pinimg.com/webapp/www/business/business-manager/[userBizId]/invoice-management-e6fef537da72f382.css]
[s.pinimg.com/webapp/www/business/business-manager/[userBizId]/history-adb71fa634ade930.js]
[s.pinimg.com/webapp/www/business/business-manager/[userBizId]/partners-e6fef537da72f382.css]
[s.pinimg.com/webapp/www/business/business-manager/[userBizId]/invoice-management-b9543d5ca6ecbb45.js]
[s.pinimg.com/webapp/www/business/business-manager/[userBizId]/partners-acc225f8fda2a9e5.js]
[s.pinimg.com/webapp/www/business/business-manager/[userBizId]/partners/[detailId]/details-e6fef537da72f382.css]
[s.pinimg.com/webapp/www/business/business-manager/[userBizId]/partners/[detailId]/details-3f514b2ba584ee31.js]
[s.pinimg.com/webapp/www/business/business-manager/[userBizId]/partners/invites-e6fef537da72f382.css]
[s.pinimg.com/webapp/www/business/business-manager/[userBizId]/partners/invites-81e0619812c27ec9.js]
[s.pinimg.com/webapp/www/business/business-manager/[userBizId]/partners/requests-e6fef537da72f382.css]
[s.pinimg.com/webapp/www/business/business-manager/[userBizId]/profiles-e6fef537da72f382.css]
[s.pinimg.com/webapp/www/business/business-manager/[userBizId]/partners/requests-63afd8165398ea39.js]
[s.pinimg.com/webapp/www/business/business-manager/[userBizId]/profiles/[detailId]/details-e6fef537da72f382.css]
[s.pinimg.com/webapp/www/business/business-manager/[userBizId]/profiles-f2d750b28c5bbd31.js]
[s.pinimg.com/webapp/www/business/business-manager/[userBizId]/shared-tags-e6fef537da72f382.css]
[s.pinimg.com/webapp/www/business/business-manager/[userBizId]/profiles/[detailId]/details-9991bbf304ae74b1.js]
[s.pinimg.com/webapp/www/business/business-manager/[userBizId]/shared-tags-724a539856940339.js]
[s.pinimg.com/webapp/www/business/business-manager/[userBizId]/security-e6fef537da72f382.css]
[s.pinimg.com/webapp/www/business/business-manager/[userBizId]/shared/[detailId]/details-e6fef537da72f382.css]
[s.pinimg.com/webapp/www/business/business-manager/[userBizId]/security-e718188bad6f67b7.js]
[s.pinimg.com/webapp/www/business/business-manager/[userBizId]/support-e6fef537da72f382.css]
[s.pinimg.com/webapp/www/business/business-manager/[userBizId]/shared/[detailId]/details-13918dba328392d6.js]
[s.pinimg.com/webapp/www/business/business-manager/[userBizId]/support-d77e156a02b2b2dd.js]
[s.pinimg.com/webapp/51954-f06d174896a9a9bd.js]
[s.pinimg.com/webapp/83561-383a67b706ca894b.js]
[s.pinimg.com/webapp/99373-17c9bbe370fd78bf.js]
[s.pinimg.com/webapp/79250-f34cc8a8d4335a89.js]
[s.pinimg.com/webapp/www/business/catalogs-6384adea5780b4d1.css]
[s.pinimg.com/webapp/www/business/catalogs-2dea1f2d19675652.js]
[s.pinimg.com/webapp/66358-3a0a57bb95278125.js]
[s.pinimg.com/webapp/34722-1acea1f81067a521.js]
[s.pinimg.com/webapp/10762-001855c75becf2c6.js]
[s.pinimg.com/webapp/88591-0b9e9b0b0d0a9c32.js]
[s.pinimg.com/webapp/www/business/convert/start-86887db603631140.js]
[s.pinimg.com/webapp/15208-870d74432c47f5ca.js]
[s.pinimg.com/webapp/64330-074e31109e987c8d.js]
[s.pinimg.com/webapp/54970-1a54b02c1996ac84.js]
[s.pinimg.com/webapp/17797-51fa42fcc6c0f69a.js]
[s.pinimg.com/webapp/www/business/create-6e2c651902aff5ea.css]
[s.pinimg.com/webapp/www/business/create-9697e0f4abf499be.js]
[s.pinimg.com/webapp/www/business/hub-6384adea5780b4d1.css]
[s.pinimg.com/webapp/www/business/hub-e2e3c8cb59f5c206.js]
[s.pinimg.com/webapp/79627-26a7a04aec7fd94c.js]
[s.pinimg.com/webapp/12955-2a0bd51a1967e464.js]
[s.pinimg.com/webapp/52780-d978440945597038.js]
[s.pinimg.com/webapp/www/login-d4d668bc60cdb2ba.css]
[s.pinimg.com/webapp/www/login-bb6a35e1b431461c.js]
[s.pinimg.com/webapp/64254-87be1c3f17019bd3.js]
[s.pinimg.com/webapp/91268-b8a407908355eb73.js]
[s.pinimg.com/webapp/www/business/marketing-plan-4dd7359b817a758f.js]
[s.pinimg.com/webapp/www/business/onboarding-5facdc8da38f3e36.js]
[s.pinimg.com/webapp/www/business/schedule_call-d4d668bc60cdb2ba.css]
[s.pinimg.com/webapp/www/business/schedule_call-892bbd78338db1bd.js]
[s.pinimg.com/webapp/297-9357d7c363732daf.js]
[s.pinimg.com/webapp/www/signup-ac16db2b046ac005.js]
[s.pinimg.com/webapp/www/business/switch-account-93ec4fdf3dc3376b.js]
[s.pinimg.com/webapp/62747-fff9bbb379ca9366.js]
[s.pinimg.com/webapp/www/business/update-d4d668bc60cdb2ba.css]
[s.pinimg.com/webapp/www/business/update-4dac9391f85da733.js]
[s.pinimg.com/webapp/www/business/website-content-manager-81f9dc51a0afee18.js]
[s.pinimg.com/webapp/www/close-account-ca962fef7476699a.js]
[s.pinimg.com/webapp/46524-90524060413c7727.js]
[s.pinimg.com/webapp/71320-ad80142a432a9420.js]
[s.pinimg.com/webapp/80378-08b5d5037ef71cd8.js]
[s.pinimg.com/webapp/75799-075a56d18466f797.js]
[s.pinimg.com/webapp/82810-0d12514b94a80a1b.js]
[s.pinimg.com/webapp/79867-8949f37d26bbe4af.js]
[s.pinimg.com/webapp/www/conversation/[conversation_id]-09266157e5f2f71c.js]
[s.pinimg.com/webapp/www/convert-business-c64405f804278d97.js]
[s.pinimg.com/webapp/www/convert-personal-106f671da7101c53.js]
[s.pinimg.com/webapp/18561-c014bfa4fbf13fff.js]
[s.pinimg.com/webapp/76535-8c541e9859ccca67.js]
[s.pinimg.com/webapp/2269-7544b3260399a092.js]
[s.pinimg.com/webapp/80447-1cbdfc88cd0e9d8a.js]
[s.pinimg.com/webapp/68956-04262269c14eb7ee.js]
[s.pinimg.com/webapp/56032-11fbb4e9dcb03955.js]
[s.pinimg.com/webapp/96906-5835f7b41256913d.js]
[s.pinimg.com/webapp/www/copyright-reporting/[username]-ca3f316fe13f6ee7.js]
[s.pinimg.com/webapp/31436-0deb3e9d91636a13.js]
[s.pinimg.com/webapp/www/create-business-e6fef537da72f382.css]
[s.pinimg.com/webapp/www/create-business-674108b295493fb7.js]
[s.pinimg.com/webapp/18548-e2cb68a8bd0eb555.js]
[s.pinimg.com/webapp/51521-a835ffecaf265e34.js]
[s.pinimg.com/webapp/www/create-personal-b8894b3d1fc24978.js]
[s.pinimg.com/webapp/www/edit-4fc51d362578d0d7.js]
[s.pinimg.com/webapp/www/deactivate-account-b77d5e54327395b7.js]
[s.pinimg.com/webapp/www/email/remove-64d312984be56e80.js]
[s.pinimg.com/webapp/www/email/subscription-747269bd132f35c4.js]
[s.pinimg.com/webapp/www/index-1fa92dfaf975816b.js]
[s.pinimg.com/webapp/www/homefeed/debug-0e4fe68061e636e9.js]
[s.pinimg.com/webapp/93041-4f14c19f8606278c.js]
[s.pinimg.com/webapp/www/idea-ads-tool-e6fef537da72f382.css]
[s.pinimg.com/webapp/www/idea-ads-tool-e6775005a1c0ec60.js]
[s.pinimg.com/webapp/7582-24ac9c3a9dde4122.js]
[s.pinimg.com/webapp/88037-e95124d828e97b9f.js]
[s.pinimg.com/webapp/www/ideas-ca70037d63e68ce4.js]
[s.pinimg.com/webapp/39609-6f2673f0322835db.js]
[s.pinimg.com/webapp/64210-93e6942d69e04cf8.js]
[s.pinimg.com/webapp/www/ideas/[interest]/[id]-675f6fb2d232d658.js]
[s.pinimg.com/webapp/80927-ff57c9968861e972.js]
[s.pinimg.com/webapp/www/inbox-f51ebc8445bf6fd9.js]
[s.pinimg.com/webapp/www/inbox/requests-4e308db6f47e3403.js]
[s.pinimg.com/webapp/www/invited-e789e34b194f7f7c.js]
[s.pinimg.com/webapp/96306-eea719d26a22243c.js]
[s.pinimg.com/webapp/62933-478c6ab08ac5f85c.js]
[s.pinimg.com/webapp/54268-d714e63938d1e818.js]
[s.pinimg.com/webapp/13241-3fb4646a0ca69a69.js]
[s.pinimg.com/webapp/www/lens-search-6bcba988f4a0415d.css]
[s.pinimg.com/webapp/www/lens-search-0d722955d36d4d22.js]
[s.pinimg.com/webapp/www/lens-search/history-6bcba988f4a0415d.css]
[s.pinimg.com/webapp/www/lens-search/history-dfe3b1e429c09bc6.js]
[s.pinimg.com/webapp/88111-c8eb70ba9d6b23b8.js]
[s.pinimg.com/webapp/55827-ef276939f0060a96.js]
[s.pinimg.com/webapp/www/notifications-cfb794d451a851c0.js]
[s.pinimg.com/webapp/www/oauth-dd7e6d8316b95b9f.js]
[s.pinimg.com/webapp/www/oauth/line/redirect-f7f5774de699032b.js]
[s.pinimg.com/webapp/6575-a078decf47874d7b.js]
[s.pinimg.com/webapp/www/pin-builder-e6fef537da72f382.css]
[s.pinimg.com/webapp/www/pin-builder-2ce57b4c8d2b8274.js]
[s.pinimg.com/webapp/24332-a62ab4032ea1eaf7.js]
[s.pinimg.com/webapp/91925-0eaae118076dcb57.js]
[s.pinimg.com/webapp/www/pin/[id]/activity/tried-f6f799accdf35269.js]
[s.pinimg.com/webapp/25705-57d8202ef729f6d9.js]
[s.pinimg.com/webapp/18168-496fb454b7d15e88.js]
[s.pinimg.com/webapp/www/pin/[id]/analytics-e6fef537da72f382.css]
[s.pinimg.com/webapp/www/pin/[id]/analytics-7099fe0777d1dd4d.js]
[s.pinimg.com/webapp/www/pin/[id]/activities-5186ec6ba26e0771.js]
[s.pinimg.com/webapp/55962-bfa70457492dccf7.js]
[s.pinimg.com/webapp/www/pin/[id]-10001e6e9ed334f0.js]
[s.pinimg.com/webapp/www/pin/[id]/brand-catalog-71c67fdfdac58710.js]
[s.pinimg.com/webapp/www/pin/[id]/edit-777022d8c7f59c8c.js]
[s.pinimg.com/webapp/www/pin/[id]/comments-94a6c0f69eebab5a.js]
[s.pinimg.com/webapp/www/pin/[id]/sent-420ec3b4811770c7.js]
[s.pinimg.com/webapp/www/pin/[id]/promote-96168764a373ec38.js]
[s.pinimg.com/webapp/www/pin/[id]/related-products/domain-3aa05904c452a9ae.js]
[s.pinimg.com/webapp/www/pin/[id]/repin-b4adeb8327bd2ce3.js]
[s.pinimg.com/webapp/27708-9e62df1aed7e75e3.js]
[s.pinimg.com/webapp/www/pin/[id]/repin/[boardId]-80df081fe45e5c77.js]
[s.pinimg.com/webapp/www/pin/[id]/repin/[boardId]/add-f0705d0c98766407.js]
[s.pinimg.com/webapp/www/pin/[id]/repin/x-fad71eae693592f7.js]
[s.pinimg.com/webapp/www/pin/[id]/report-ee1aae828a3beb29.js]
[s.pinimg.com/webapp/www/pin/[id]/visual-search-9346da161cc4c767.js]
[s.pinimg.com/webapp/www/pin/[id]/share-809607e6c7312ad9.js]
[s.pinimg.com/webapp/www/pin/[id]/visual-search/products-5594c01d9309a577.js]
[s.pinimg.com/webapp/www/pin/[id]/visual-shop-e488d6efbaac55e8.js]
[s.pinimg.com/webapp/www/pins/debug/[source]-ab06df2e3f283f26.js]
[s.pinimg.com/webapp/www/recently-viewed-251c85fac88c5449.js]
[s.pinimg.com/webapp/www/request-data-2e6a8ccd8cab9352.js]
[s.pinimg.com/webapp/95250-86001e79163fc16a.js]
[s.pinimg.com/webapp/65295-35a5cae9aef42c2e.js]
[s.pinimg.com/webapp/www/search-a1936f524a908276.js]
[s.pinimg.com/webapp/www/search/[scope]-49f248f903dfa080.js]
[s.pinimg.com/webapp/www/search/me-f9853a3426ae3edd.js]
[s.pinimg.com/webapp/www/search/my_content-0d0902ab100c447b.js]
[s.pinimg.com/webapp/12118-2338ef29b08fedfb.js]
[s.pinimg.com/webapp/www/secure/panic-b101d58afb5e8846.js]
[s.pinimg.com/webapp/74576-04f8aea5072e1ece.js]
[s.pinimg.com/webapp/www/settings-845dcea35d35f68c.js]
[s.pinimg.com/webapp/www/settings/branded-content-5e6e510381d71c02.js]
[s.pinimg.com/webapp/88530-4f6b265603b7c85d.js]
[s.pinimg.com/webapp/www/settings/bulk-create-pins-88fff986dfe2958f.js]
[s.pinimg.com/webapp/www/settings/edit-profile-2057be895412ebde.js]
[s.pinimg.com/webapp/www/settings/edit/birthdate-7f2c9cf67da742d4.js]
[s.pinimg.com/webapp/www/settings/edit/gender-5e51690376964979.js]
[s.pinimg.com/webapp/www/settings/edit/contact-name-3d30c40bb6392e43.js]
[s.pinimg.com/webapp/www/settings/edit/country-region-1f5f665fc0d83764.js]
[s.pinimg.com/webapp/50180-30f5321e7d78740a.js]
[s.pinimg.com/webapp/www/settings/edit/email-a819be0aa4dd33b4.js]
[s.pinimg.com/webapp/www/settings/edit/login-a5c8ebf57148fd0d.js]
[s.pinimg.com/webapp/www/settings/email-3ca93495348e3efc.js]
[s.pinimg.com/webapp/www/settings/messages-286a765b0a6355c0.js]
[s.pinimg.com/webapp/www/settings/messages/[group]-a0a47170c1f4d1cd.js]
[s.pinimg.com/webapp/www/settings/mfa/[step]-9a5bdedc8a2a7c6a.js]
[s.pinimg.com/webapp/www/settings/mfa/disable-a73c8ebcedc5719d.js]
[s.pinimg.com/webapp/www/settings/notifications/[category]-7a6e9931c815ab53.js]
[s.pinimg.com/webapp/www/settings/notifications/[category]/[subcategory]-0eaa10e2fffa9c72.js]
[s.pinimg.com/webapp/www/settings/permissions-b904a319632c27ef.js]
[s.pinimg.com/webapp/www/shopping-5cd2a490e196a4b0.js]
[s.pinimg.com/webapp/www/shopping/[category]/[id]-eacd700cefc6b270.js]
[s.pinimg.com/webapp/www/signup/fbemailcollect-6de5404e51ef7a76.js]
[s.pinimg.com/webapp/www/signup/line-email-collect-411afe2c9e1dd216.js]
[s.pinimg.com/webapp/www/signup/thirdpartyage-1a3a061c4e65829a.js]
[s.pinimg.com/webapp/3309-b33620ce80ddb356.js]
[s.pinimg.com/webapp/17903-348f2f781f3621de.js]
[s.pinimg.com/webapp/www/story_feed-2ef9f74bcf2c27f8.js]
[s.pinimg.com/webapp/www/today/[term]/[title]/[articleId]-8b25c010b37f7d8e.js]
[s.pinimg.com/webapp/www/today/popular/[interest]/[interestId]-8bbe8ddb5a94f525.js]
[s.pinimg.com/webapp/85697-294789fb3b20469d.js]
[s.pinimg.com/webapp/www/tried_it/[triedItId]/likes-71ba346affa9bdda.js]
[s.pinimg.com/webapp/24766-33a183387a7c27a0.js]
[s.pinimg.com/webapp/www/unauth-profile-7a7d287e9e8a79ee.js]
[s.pinimg.com/webapp/4365-55432e473db362ce.js]
[s.pinimg.com/webapp/www/videos-30b84f71ce661d70.js]
[s.pinimg.com/webapp/86157-50bab592ac4bff05.js]
[s.pinimg.com/webapp/www/videos/[category]/[id]-5398bb08c6ffa397.js]
[s.pinimg.com/webapp/www/welcome-8b8b9e87e8ae176a.js]
[s.pinimg.com/webapp/75538-cf28749fc15df44e.js]
[s.pinimg.com/webapp/65573-47610bbc30afbe82.js]
[s.pinimg.com/webapp/88834-1b11815a003c6195.js]
[s.pinimg.com/webapp/31172-71a64e42406e397a.js]
[s.pinimg.com/webapp/app-www-PageWrapper-UnauthPageWrapperHeader-cd4e68420212e397.js]
[www.pinterest.com/pin/create/button/index14ab.html]
[www.teraboxdownloader.pro/search/label/Download TeraBox Video Without PC Cliente02a.html]
[www.teraboxdownloader.pro/search/label/How to Block Ads on Terabox5685.html]
[s.pinimg.com/webapp/app-www-PageWrapper-UnauthPageWrapperFooter-b8573e9be593a8b0.js]
[www.pinterest.com/pin/create/button/indexaab7.html]
[www.teraboxdownloader.pro/search/label/Download TeraBox Link without App2041.html]
[www.teraboxdownloader.pro/search/label/Is TeraBox Safe to Use56dd.html]
[www.teraboxdownloader.pro/search/label/TeraBox Viral Video Link1854.html]
[www.pinterest.com/pin/create/button/ios-app_/429047995/pinterest/add_pin/_method=button&image_url=&source_url=https_/www.teraboxdownloader.pro/2024/05/download-from-terabox-without-pc-client.html&me/blogg/Download terabox videos]
[www.pinterest.com/pin/create/button/android-app_/com.pinterest/pinterest/www.pinterest.com/pin/create/button/_media=&url=https_/www.teraboxdownloader.pro/2024/05/download-from-terabox-without-pc-client.ht/Download terabox videos]
[s.pinimg.com/webapp/www/[username]/scheduled-pin/[scheduled_pin_id]-7547143d68f6799b.css]
[s.pinimg.com/webapp/www/about/[lawName]-e6fef537da72f382.css]
[s.pinimg.com/webapp/www/about/radtc-e6fef537da72f382.css]
[s.pinimg.com/webapp/www/business/business-access/[userBizId]/employees/invites-e6fef537da72f382.css]
[s.pinimg.com/webapp/www/business/business-hierarchy/[businessHierarchyId]/business_security-e6fef537da72f382.css]
[s.pinimg.com/webapp/www/business/business-manager/[userBizId]/dashboard-e6fef537da72f382.css]
[s.pinimg.com/webapp/www/business/business-hierarchy/[businessHierarchyId]/hierarchy-e6fef537da72f382.css]
[s.pinimg.com/webapp/www/business/business-hierarchy/[businessHierarchyId]/managers-e6fef537da72f382.css]
[s.pinimg.com/webapp/www/business/business-manager-e6fef537da72f382.css]
[s.pinimg.com/webapp/www/business/business-manager/[userBizId]-e6fef537da72f382.css]
[s.pinimg.com/webapp/www/business/business-manager/[userBizId]/ad-accounts-e6fef537da72f382.css]
[s.pinimg.com/webapp/www/business/business-manager/[userBizId]/ad-accounts/[detailId]/details-e6fef537da72f382.css]
[s.pinimg.com/webapp/www/business/business-manager/[userBizId]/ad-accounts/cee-migration-e6fef537da72f382.css]
[s.pinimg.com/webapp/www/business/business-manager/[userBizId]/asset-groups-e6fef537da72f382.css]
[s.pinimg.com/webapp/www/business/business-manager/[userBizId]/audiences-e6fef537da72f382.css]
[s.pinimg.com/webapp/www/business/business-manager/[userBizId]/brand-safety-e6fef537da72f382.css]
[s.pinimg.com/webapp/www/business/business-manager/[userBizId]/catalogs-e6fef537da72f382.css]
[s.pinimg.com/webapp/www/business/business-manager/[userBizId]/employees/[detailId]/details-e6fef537da72f382.css]
[s.pinimg.com/webapp/www/business/business-manager/[userBizId]/history-e6fef537da72f382.css]
[s.pinimg.com/webapp/www/business/business-manager/[userBizId]/invoice-management-e6fef537da72f382.css]
[s.pinimg.com/webapp/www/business/business-manager/[userBizId]/partners-e6fef537da72f382.css]
[s.pinimg.com/webapp/www/business/business-manager/[userBizId]/partners/[detailId]/details-e6fef537da72f382.css]
[s.pinimg.com/webapp/www/business/business-manager/[userBizId]/partners/invites-e6fef537da72f382.css]
[s.pinimg.com/webapp/www/business/business-manager/[userBizId]/partners/requests-e6fef537da72f382.css]
[s.pinimg.com/webapp/www/business/business-manager/[userBizId]/profiles-e6fef537da72f382.css]
[s.pinimg.com/webapp/www/business/business-manager/[userBizId]/profiles/[detailId]/details-e6fef537da72f382.css]
[s.pinimg.com/webapp/www/business/business-manager/[userBizId]/shared-tags-e6fef537da72f382.css]
[s.pinimg.com/webapp/www/business/business-manager/[userBizId]/security-e6fef537da72f382.css]
[s.pinimg.com/webapp/www/business/business-manager/[userBizId]/shared/[detailId]/details-e6fef537da72f382.css]
[s.pinimg.com/webapp/www/business/business-manager/[userBizId]/support-e6fef537da72f382.css]
[s.pinimg.com/webapp/www/business/catalogs-6384adea5780b4d1.css]
[s.pinimg.com/webapp/www/business/create-6e2c651902aff5ea.css]
[s.pinimg.com/webapp/www/business/hub-6384adea5780b4d1.css]
[s.pinimg.com/webapp/www/login-d4d668bc60cdb2ba.css]
[s.pinimg.com/webapp/www/business/schedule_call-d4d668bc60cdb2ba.css]
[s.pinimg.com/webapp/www/business/update-d4d668bc60cdb2ba.css]
[s.pinimg.com/webapp/www/create-business-e6fef537da72f382.css]
[s.pinimg.com/webapp/www/idea-ads-tool-e6fef537da72f382.css]
[s.pinimg.com/webapp/www/lens-search-6bcba988f4a0415d.css]
[s.pinimg.com/webapp/www/lens-search/history-6bcba988f4a0415d.css]
[s.pinimg.com/webapp/www/pin-builder-e6fef537da72f382.css]
[s.pinimg.com/webapp/www/pin/[id]/analytics-e6fef537da72f382.css]
[www.pinterest.com/pin/create/button/android-app_/com.pinterest/pinterest/www.pinterest.com/pin/create/button/_media=&url=https_/www.teraboxdownloader.pro/2024/05/how-to-download-terabox-link-without-app.h/how to download terabox]
[www.pinterest.com/pin/create/button/ios-app_/429047995/pinterest/add_pin/_method=button&image_url=&source_url=https_/www.teraboxdownloader.pro/2024/05/how-to-download-terabox-link-without-app.html&m/blogg/how to download terabox]
[www.pinterest.com/pin/create/button/ios-app_/429047995/pinterest/add_pin/_method=button&image_url=&source_url=https_/www.teraboxdownloader.pro/2024/05/how-to-download-terabox-link-without-app.html&m/blogg/how to download terabox]
[www.pinterest.com/pin/create/button/android-app_/com.pinterest/pinterest/www.pinterest.com/pin/create/button/_media=&url=https_/www.teraboxdownloader.pro/2024/05/how-to-download-terabox-link-without-app.h/how to download terabox]
